// Jest Snapshot v1, https://goo.gl/fbAQLP

exports[`renders correctly 1`] = `
Array [
  <div
    className="MuiGrid-root makeStyles-landingContainer-1 MuiGrid-container MuiGrid-direction-xs-column"
  >
    <div
      className="MuiGrid-root makeStyles-titleColumn-2 MuiGrid-item"
    >
      <h1
        className="MuiTypography-root makeStyles-text-112 MuiTypography-h1"
        id="typeItElement"
      />
    </div>
    <div
      className="MuiGrid-root makeStyles-imgContainer-4 MuiGrid-container MuiGrid-item"
    />
    <div
      className="MuiGrid-root makeStyles-paragraphColumn-3 MuiGrid-container MuiGrid-item"
    >
      <p
        className="MuiTypography-root MuiTypography-body1"
      >
        <b>
          TL;DR:
        </b>
         Ich bringe deine IT-Projekte 
        <i>
          zielstrebig
        </i>
         und
         
        <i>
          effizient
        </i>
         zum Erfolg.
      </p>
    </div>
  </div>,
  <div
    className="MuiGrid-root makeStyles-contactContainer-6 MuiGrid-container MuiGrid-direction-xs-column MuiGrid-justify-xs-space-between"
  >
    <h2
      className="MuiTypography-root MuiTypography-h2"
    >
      Hast du ein Projekt, eine App oder Idee bei der du meine Unterstützung benötigen könntest? Schreibe mir eine kurze Nachricht.
    </h2>
    <div
      className="MuiGrid-root MuiGrid-container MuiGrid-item MuiGrid-direction-xs-column MuiGrid-align-items-xs-center"
    >
      <button
        className="MuiButtonBase-root MuiFab-root makeStyles-fabLarge-8 MuiFab-primary"
        disabled={false}
        onBlur={[Function]}
        onDragLeave={[Function]}
        onFocus={[Function]}
        onKeyDown={[Function]}
        onKeyUp={[Function]}
        onMouseDown={[Function]}
        onMouseLeave={[Function]}
        onMouseUp={[Function]}
        onTouchEnd={[Function]}
        onTouchMove={[Function]}
        onTouchStart={[Function]}
        tabIndex={0}
        type="button"
      >
        <span
          className="MuiFab-label"
        >
          <svg
            aria-hidden="true"
            className="MuiSvgIcon-root"
            focusable="false"
            role="presentation"
            viewBox="0 0 24 24"
          >
            <path
              d="M22 6c0-1.1-.9-2-2-2H4c-1.1 0-2 .9-2 2v12c0 1.1.9 2 2 2h16c1.1 0 2-.9 2-2V6zm-2 0l-8 5-8-5h16zm0 12H4V8l8 5 8-5v10z"
            />
          </svg>
        </span>
      </button>
      <p
        className="MuiTypography-root makeStyles-mailTo-7 MuiTypography-body1"
      >
        <a
          className="makeStyles-mailTo-7"
          href="mailto:mail@andreaswittmann.com"
        >
          mail@andreaswittmann.com
        </a>
      </p>
    </div>
  </div>,
]
`;
